Error type 7 at line 6: binary operation on non-number variables
Error type 5 at line 6: unmatching type on both sides of assignment